C:\Users\Shashank C\Documents\MCUXpressoIDE_11.6.0_8187\workspace\PES_7\CMSIS/core_cm0plus.h:745:22:NVIC_EnableIRQ	16	static
C:\Users\Shashank C\Documents\MCUXpressoIDE_11.6.0_8187\workspace\PES_7\CMSIS/core_cm0plus.h:791:22:NVIC_ClearPendingIRQ	16	static
C:\Users\Shashank C\Documents\MCUXpressoIDE_11.6.0_8187\workspace\PES_7\CMSIS/core_cm0plus.h:804:22:NVIC_SetPriority	24	static
../source/Audio_output.c:30:6:Init_DAC0	8	static
../source/Audio_output.c:49:6:Init_TPM0	8	static
../source/Audio_output.c:69:6:Init_DMA0	8	static
../source/Audio_output.c:95:6:tone_to_samples	24	static
../source/Audio_output.c:106:6:Copy_buffer_DMA0	16	static
../source/Audio_output.c:115:6:Start_DMA0	8	static
../source/Audio_output.c:132:5:tone_status_return	8	static
../source/Audio_output.c:145:6:DMA0_IRQHandler	8	static
