C:\Users\Shashank C\Documents\MCUXpressoIDE_11.6.0_8187\workspace\PES_7\CMSIS/core_cm0plus.h:745:22:NVIC_EnableIRQ	16	static
C:\Users\Shashank C\Documents\MCUXpressoIDE_11.6.0_8187\workspace\PES_7\CMSIS/core_cm0plus.h:791:22:NVIC_ClearPendingIRQ	16	static
C:\Users\Shashank C\Documents\MCUXpressoIDE_11.6.0_8187\workspace\PES_7\CMSIS/core_cm0plus.h:804:22:NVIC_SetPriority	24	static
../source/DAC.c:25:6:init_DAC	8	static
../source/DAC.c:44:6:init_TPM0	8	static
../source/DAC.c:64:6:Start_TPM0	8	static
../source/DAC.c:71:6:Stop_TPM0	8	static
../source/DAC.c:77:6:init_DMA	8	static
../source/DAC.c:103:6:tone_to_samples	24	static
../source/DAC.c:114:6:Copy_buffer_DMA	16	static
../source/DAC.c:124:6:Start_DMA	8	static
../source/DAC.c:138:5:DMA_return	8	static
../source/DAC.c:151:6:DMA0_IRQHandler	8	static
